Renesas Optimizing Linker (W1.01.00 )             04-Mar-2014 18:06:52

*** Options ***

-subcommand=DefaultBuild\1st\IIC_0304.clnk
-library=DefaultBuild\IIC_0304.lib
-input=DefaultBuild\1st\dbsct.obj
-input=DefaultBuild\1st\IIC_0304.obj
-input=DefaultBuild\1st\resetprg.obj
-input=DefaultBuild\1st\sbrk.obj
-input=DefaultBuild\1st\R_PG_Clock.obj
-input=DefaultBuild\1st\R_PG_I2C_C1.obj
-input=DefaultBuild\1st\Interrupt_INTC.obj
-library=C:\Renesas\PDG2\lib\RX62N\RX62N_library_144_little.lib
-noprelink
-nodebug
-output=DefaultBuild\1st\IIC_0304.abs
-map=DefaultBuild\1st\IIC_0304.bls
-list=DefaultBuild\1st\IIC_0304.map
-nooptimize
-start=B_1,R_1,B_2,R_2,B,R,SU,SI/04,PResetPRG/0FFFF8000,C_1,C_2,C,C$DSEC,C$BSEC,C$INIT,C$VTBL,C$VECT,D_1,D_2,D,P,PIntPRG,W_1,W_2,W,L/0FFFF8100,FIXEDVECT/0FFFFFFD0
-rom=D=R,D_1=R_1,D_2=R_2
-nologo
-end

*** Error information ***

W0561100:Cannot find "PIntPRG" specified in option "start"

*** Mapping List ***

SECTION                            START      END         SIZE   ALIGN

B_1
                                  00000004  000001ab       1a8   1
R_1
                                  000001ac  0000021b        70   1
B_2
                                  0000021c  0000022b        10   2
R_2
                                  0000022c  0000022c         0   1
B
                                  0000022c  0000066f       444   4
R
                                  00000670  0000092f       2c0   4
SU
                                  00000930  00000a2f       100   4
SI
                                  00000a30  00000d2f       300   4
PResetPRG
                                  ffff8000  ffff8030        31   1
C_1
                                  ffff8100  ffff81e1        e2   1
C_2
                                  ffff81e2  ffff83e3       202   2
C
                                  ffff83e4  ffff845b        78   4
C$DSEC
                                  ffff845c  ffff847f        24   4
C$BSEC
                                  ffff8480  ffff8497        18   4
C$INIT
                                  ffff8498  ffff8498         0   1
C$VTBL
                                  ffff8498  ffff8498         0   1
C$VECT
                                  ffff8498  ffff8897       400   4
D_1
                                  ffff8898  ffff8907        70   1
D_2
                                  ffff8908  ffff8908         0   1
D
                                  ffff8908  ffff8bc7       2c0   4
P
                                  ffff8bc8  ffffc451      388a   1
W_1
                                  ffffc452  ffffc452         0   1
W_2
                                  ffffc452  ffffc465        14   2
W
                                  ffffc468  ffffc468         0   4
L
                                  ffffc468  ffffc4b0        49   4
FIXEDVECT
                                  ffffffd0  ffffffff        30   4
