Renesas Optimizing Linker (W1.01.00 )             04-Mar-2014 15:10:06

*** Options ***

-subcommand=DefaultBuild\IIC_0304.clnk
-library=DefaultBuild\IIC_0304.lib
-input=DefaultBuild\dbsct.obj
-input=DefaultBuild\IIC_0304.obj
-input=DefaultBuild\resetprg.obj
-input=DefaultBuild\sbrk.obj
-input=DefaultBuild\R_PG_Clock.obj
-input=DefaultBuild\R_PG_I2C_C1.obj
-input=DefaultBuild\Interrupt_INTC.obj
-library=C:\Renesas\PDG2\lib\RX62N\RX62N_library_144_little.lib
-noprelink
-output=DefaultBuild\IIC_0304.abs
-list=DefaultBuild\IIC_0304.map
-nooptimize
-start=B_1,R_1,B_2,R_2,B,R,SU,SI/04,PResetPRG/0FFFF8000,C_1,C_2,C,C$DSEC,C$BSEC,C$INIT,C$VTBL,C$VECT,D_1,D_2,D,P,PIntPRG,W_1,W_2,W,L/0FFFF8100,FIXEDVECT/0FFFFFFD0
-rom=D=R,D_1=R_1,D_2=R_2
-nologo
-end

*** Error information ***

W0561100:Cannot find "PIntPRG" specified in option "start"

*** Mapping List ***

SECTION                            START      END         SIZE   ALIGN

B_1
                                  00000004  0000001b        18   1
R_1
                                  0000001c  0000001c         0   1
B_2
                                  0000001c  0000002b        10   2
R_2
                                  0000002c  0000002c         0   1
B
                                  0000002c  0000046b       440   4
R
                                  0000046c  0000053f        d4   4
SU
                                  00000540  0000063f       100   4
SI
                                  00000640  0000093f       300   4
PResetPRG
                                  ffff8000  ffff8030        31   1
C_1
                                  ffff8100  ffff810f        10   1
C_2
                                  ffff8110  ffff8110         0   1
C
                                  ffff8110  ffff8143        34   4
C$DSEC
                                  ffff8144  ffff8167        24   4
C$BSEC
                                  ffff8168  ffff817f        18   4
C$INIT
                                  ffff8180  ffff8180         0   1
C$VTBL
                                  ffff8180  ffff8180         0   1
C$VECT
                                  ffff8180  ffff857f       400   4
D_1
                                  ffff8580  ffff8580         0   1
D_2
                                  ffff8580  ffff8580         0   1
D
                                  ffff8580  ffff8653        d4   4
P
                                  ffff8654  ffffa217      1bc4   1
W_1
                                  ffffa218  ffffa218         0   1
W_2
                                  ffffa218  ffffa22b        14   2
W
                                  ffffa22c  ffffa22c         0   4
L
                                  ffffa22c  ffffa22c         0   1
FIXEDVECT
                                  ffffffd0  ffffffff        30   4
