Renesas Optimizing Linker (W1.01.00 )             06-Mar-2014 15:26:33

*** Options ***

-subcommand=DefaultBuild\IIC_0304.clnk
-library=DefaultBuild\IIC_0304.lib
-input=DefaultBuild\dbsct.obj
-input=DefaultBuild\IIC_0304.obj
-input=DefaultBuild\resetprg.obj
-input=DefaultBuild\sbrk.obj
-input=DefaultBuild\R_PG_Clock.obj
-input=DefaultBuild\R_PG_I2C_C1.obj
-input=DefaultBuild\Interrupt_INTC.obj
-library=C:\Renesas\PDG2\lib\RX62N\RX62N_library_144_little.lib
-noprelink
-output=DefaultBuild\IIC_0304.abs
-list=DefaultBuild\IIC_0304.map
-nooptimize
-start=B_1,R_1,B_2,R_2,B,R,SU,SI/04,PResetPRG/0FFFF8000,C_1,C_2,C,C$DSEC,C$BSEC,C$INIT,C$VTBL,C$VECT,D_1,D_2,D,P,PIntPRG,W_1,W_2,W,L/0FFFF8100,FIXEDVECT/0FFFFFFD0
-rom=D=R,D_1=R_1,D_2=R_2
-nologo
-end

*** Error information ***

W0561100:Cannot find "PIntPRG" specified in option "start"

*** Mapping List ***

SECTION                            START      END         SIZE   ALIGN

B_1
                                  00000004  0000001b        18   1
R_1
                                  0000001c  00000032        17   1
B_2
                                  00000034  00000043        10   2
R_2
                                  00000044  00000044         0   1
B
                                  00000044  00000483       440   4
R
                                  00000484  000004df        5c   4
SU
                                  000004e0  000005df       100   4
SI
                                  000005e0  000008df       300   4
PResetPRG
                                  ffff8000  ffff8030        31   1
C_1
                                  ffff8100  ffff810f        10   1
C_2
                                  ffff8110  ffff8110         0   1
C
                                  ffff8110  ffff8143        34   4
C$DSEC
                                  ffff8144  ffff8167        24   4
C$BSEC
                                  ffff8168  ffff817f        18   4
C$INIT
                                  ffff8180  ffff8180         0   1
C$VTBL
                                  ffff8180  ffff8180         0   1
C$VECT
                                  ffff8180  ffff857f       400   4
D_1
                                  ffff8580  ffff8596        17   1
D_2
                                  ffff8597  ffff8597         0   1
D
                                  ffff8598  ffff85f3        5c   4
P
                                  ffff85f4  ffffa332      1d3f   1
W_1
                                  ffffa333  ffffa333         0   1
W_2
                                  ffffa334  ffffa347        14   2
W
                                  ffffa348  ffffa348         0   4
L
                                  ffffa348  ffffa34a         3   4
FIXEDVECT
                                  ffffffd0  ffffffff        30   4
