Renesas Optimizing Linker (W1.01.00 )             07-Mar-2014 15:43:15

*** Options ***

-subcommand=DefaultBuild\1st\IIC_0306_1550.clnk
-library=DefaultBuild\IIC_0306_1550.lib
-input=DefaultBuild\1st\dbsct.obj
-input=DefaultBuild\1st\IIC_0306_1550.obj
-input=DefaultBuild\1st\resetprg.obj
-input=DefaultBuild\1st\sbrk.obj
-input=DefaultBuild\1st\R_PG_Clock.obj
-input=DefaultBuild\1st\R_PG_I2C_C1.obj
-input=DefaultBuild\1st\Interrupt_INTC.obj
-input=DefaultBuild\1st\R_PG_SCI_C1.obj
-library=C:\Renesas\PDG2\lib\RX62N\RX62N_library_144_little.lib
-noprelink
-nodebug
-output=DefaultBuild\1st\IIC_0306_1550.abs
-map=DefaultBuild\1st\IIC_0306_1550.bls
-list=DefaultBuild\1st\IIC_0306_1550.map
-nooptimize
-start=B_1,R_1,B_2,R_2,B,R,SU,SI/04,PResetPRG/0FFFF8000,C_1,C_2,C,C$DSEC,C$BSEC,C$INIT,C$VTBL,C$VECT,D_1,D_2,D,P,PIntPRG,W_1,W_2,W,L/0FFFF8100,FIXEDVECT/0FFFFFFD0
-rom=D=R,D_1=R_1,D_2=R_2
-nologo
-end

*** Error information ***

W0561100:Cannot find "PIntPRG" specified in option "start"

*** Mapping List ***

SECTION                            START      END         SIZE   ALIGN

B_1
                                  00000004  000001ab       1a8   1
R_1
                                  000001ac  000001fc        51   1
B_2
                                  000001fe  0000020d        10   2
R_2
                                  0000020e  0000020e         0   1
B
                                  00000210  000007a3       594   4
R
                                  000007a4  00000a63       2c0   4
SU
                                  00000a64  00000b63       100   4
SI
                                  00000b64  00000e63       300   4
PResetPRG
                                  ffff8000  ffff8030        31   1
C_1
                                  ffff8100  ffff81e5        e6   1
C_2
                                  ffff81e6  ffff83e7       202   2
C
                                  ffff83e8  ffff853f       158   4
C$DSEC
                                  ffff8540  ffff8563        24   4
C$BSEC
                                  ffff8564  ffff857b        18   4
C$INIT
                                  ffff857c  ffff857c         0   1
C$VTBL
                                  ffff857c  ffff857c         0   1
C$VECT
                                  ffff857c  ffff897b       400   4
D_1
                                  ffff897c  ffff89cc        51   1
D_2
                                  ffff89cd  ffff89cd         0   1
D
                                  ffff89d0  ffff8c8f       2c0   4
P
                                  ffff8c90  ffffddb9      512a   1
W_1
                                  ffffddba  ffffddba         0   1
W_2
                                  ffffddba  ffffddcd        14   2
W
                                  ffffddd0  ffffddd0         0   4
L
                                  ffffddd0  ffffde24        55   4
FIXEDVECT
                                  ffffffd0  ffffffff        30   4
